Script started on Fri Aug  4 16:18:08 2023
]0;cssc1764@edoras:~/programming/four[?1034h[cssc1764@edoras four]$ make
cc    -c -o vmalgorithm.o vmalgorithm.c
gcc testvm.o vmalgorithm.o -o testvm 
]0;cssc1764@edoras:~/programming/four[cssc1764@edoras four]$ ./testvm 7 3
Running program using FIFO algorithm ... ...
 5 -1 -1 
 5  2 -1 
 5  2 -1 
 5  2  0 
 4  2  0 
 4  6  0 
 4  6  0 
 4  6  0 
 4  6  1 
 3  6  1 
 3  4  1 
 3  4  5 
 0  4  5 
 0  4  5 
 0  4  5 
 0  6  5 
 0  6  2 
 0  6  2 
 0  6  2 
 1  6  2 
page fault of FIFO: 13


The Same Access Pattern: 5 2 2 0 4 6 4 4 1 3 4 5 0 4 5 6 2 0 0 1 
Running program using LRU algorithm ... ...
  5 -1 -1
  5  2 -1
  5  2 -1
  5  2  0
  4  2  0
  4  6  0
  4  6  0
  4  6  0
  4  6  1
  4  3  1
  4  3  1
  4  3  5
  4  0  5
  4  0  5
  4  0  5
  4  6  5
  2  6  5
  2  6  0
  2  6  0
  2  1  0
page fault of LRU: 13
]0;cssc1764@edoras:~/programming/four[cssc1764@edoras four]$ exit
exit

Script done on Fri Aug  4 16:18:18 2023
